// Jest Snapshot v1, https://goo.gl/fbAQLP

exports[`Icon Component Icon snapshot 1`] = `
<Text
  allowFontScaling={false}
  selectable={false}
  style={
    [
      {
        "color": undefined,
        "fontSize": 12,
      },
      undefined,
      {
        "fontFamily": "FontAwesome5Free-Solid",
        "fontStyle": "normal",
        "fontWeight": "normal",
      },
      {
        "fontWeight": "900",
      },
    ]
  }
>
  ï€•
</Text>
`;
